<html>
<body>
<pre>
<h1>µVision Build Log</h1>
<h2>Project:</h2>
C:\Users\Administrator\Desktop\STM32ÐÂ\STM32.uvproj
Project File Date:  03/16/2017

<h2>Output:</h2>
Build target 'Target 1'
compiling stm32f10x_it.c...
compiling main.c...
compiling misc.c...
compiling stm32f10x_adc.c...
compiling stm32f10x_bkp.c...
compiling stm32f10x_can.c...
compiling stm32f10x_cec.c...
compiling stm32f10x_crc.c...
compiling stm32f10x_dac.c...
compiling stm32f10x_dbgmcu.c...
compiling stm32f10x_dma.c...
compiling stm32f10x_exti.c...
compiling stm32f10x_flash.c...
compiling stm32f10x_fsmc.c...
compiling stm32f10x_gpio.c...
compiling stm32f10x_i2c.c...
compiling stm32f10x_iwdg.c...
compiling stm32f10x_pwr.c...
compiling stm32f10x_rcc.c...
compiling stm32f10x_rtc.c...
compiling stm32f10x_sdio.c...
compiling stm32f10x_spi.c...
compiling stm32f10x_tim.c...
compiling stm32f10x_usart.c...
compiling stm32f10x_wwdg.c...
compiling core_cm3.c...
compiling system_stm32f10x.c...
linking...
Program Size: Code=844 RO-data=336 RW-data=20 ZI-data=1636  
FromELF: creating hex file...
".\Output\STM32.axf" - 0 Error(s), 0 Warning(s).
</pre>
</body>
</html>
urce input file "stm32f10x_conf.h": No such file or directory
    #include "stm32f10x_conf.h"
FWlib\src\stm32f10x_bkp.c: 0 warnings, 1 error
compiling stm32f10x_can.c...
.\CMSIS\stm32f10x.h(8297): error:  #5: cannot open source input file "stm32f10x_conf.h": No such file or directory
    #include "stm32f10x_conf.h"
FWlib\src\stm32f10x_can.c: 0 warnings, 1 error
compiling stm32f10x_cec.c...
.\CMSIS\stm32f10x.h(8297): error:  #5: cannot open source input file "stm32f10x_conf.h": No such file or directory
    #include "stm32f10x_conf.h"
FWlib\src\stm32f10x_cec.c: 0 warnings, 1 error
compiling stm32f10x_crc.c...
.\CMSIS\stm32f10x.h(8297): error:  #5: cannot open source input file "stm32f10x_conf.h": No such file or directory
    #include "stm32f10x_conf.h"
FWlib\src\stm32f10x_crc.c: 0 warnings, 1 error
compiling stm32f10x_dac.c...
.\CMSIS\stm32f10x.h(8297): error:  #5: cannot open source input file "stm32f10x_conf.h": No such file or directory
    #include "stm32f10x_conf.h"
FWlib\src\stm32f10x_dac.c: 0 warnings, 1 error
compiling stm32f10x_dbgmcu.c...
.\CMSIS\stm32f10x.h(8297): error:  #5: cannot open source input file "stm32f10x_conf.h": No such file or directory
    #include "stm32f10x_conf.h"
FWlib\src\stm32f10x_dbgmcu.c: 0 warnings, 1 error
compiling stm32f10x_dma.c...
.\CMSIS\stm32f10x.h(8297): error:  #5: cannot open source input file "stm32f10x_conf.h": No such file or directory
    #include "stm32f10x_conf.h"
FWlib\src\stm32f10x_dma.c: 0 warnings, 1 error
compiling stm32f10x_exti.c...
.\CMSIS\stm32f10x.h(8297): error:  #5: cannot open source input file "stm32f10x_conf.h": No such file or directory
    #include "stm32f10x_conf.h"
FWlib\src\stm32f10x_exti.c: 0 warnings, 1 error
compiling stm32f10x_flash.c...
.\CMSIS\stm32f10x.h(8297): error:  #5: cannot open source input file "stm32f10x_conf.h": No such file or directory
    #include "stm32f10x_conf.h"
FWlib\src\stm32f10x_flash.c: 0 warnings, 1 error
compiling stm32f10x_fsmc.c...
.\CMSIS\stm32f10x.h(8297): error:  #5: cannot open source input file "stm32f10x_conf.h": No such file or directory
    #include "stm32f10x_conf.h"
FWlib\src\stm32f10x_fsmc.c: 0 warnings, 1 error
compiling stm32f10x_gpio.c...
.\CMSIS\stm32f10x.h(8297): error:  #5: cannot open source input file "stm32f10x_conf.h": No such file or directory
    #include "stm32f10x_conf.h"
FWlib\src\stm32f10x_gpio.c: 0 warnings, 1 error
compiling stm32f10x_i2c.c...
.\CMSIS\stm32f10x.h(8297): error:  #5: cannot open source input file "stm32f10x_conf.h": No such file or directory
    #include "stm32f10x_conf.h"
FWlib\src\stm32f10x_i2c.c: 0 warnings, 1 error
compiling stm32f10x_iwdg.c...
.\CMSIS\stm32f10x.h(8297): error:  #5: cannot open source input file "stm32f10x_conf.h": No such file or directory
    #include "stm32f10x_conf.h"
FWlib\src\stm32f10x_iwdg.c: 0 warnings, 1 error
compiling stm32f10x_pwr.c...
.\CMSIS\stm32f10x.h(8297): error:  #5: cannot open source input file "stm32f10x_conf.h": No such file or directory
    #include "stm32f10x_conf.h"
FWlib\src\stm32f10x_pwr.c: 0 warnings, 1 error
compiling stm32f10x_rcc.c...
.\CMSIS\stm32f10x.h(8297): error:  #5: cannot open source input file "stm32f10x_conf.h": No such file or directory
    #include "stm32f10x_conf.h"
FWlib\src\stm32f10x_rcc.c: 0 warnings, 1 error
compiling stm32f10x_rtc.c...
.\CMSIS\stm32f10x.h(8297): error:  #5: cannot open source input file "stm32f10x_conf.h": No such file or directory
    #include "stm32f10x_conf.h"
FWlib\src\stm32f10x_rtc.c: 0 warnings, 1 error
compiling stm32f10x_sdio.c...
.\CMSIS\stm32f10x.h(8297): error:  #5: cannot open source input file "stm32f10x_conf.h": No such file or directory
    #include "stm32f10x_conf.h"
FWlib\src\stm32f10x_sdio.c: 0 warnings, 1 error
compiling stm32f10x_spi.c...
.\CMSIS\stm32f10x.h(8297): error:  #5: cannot open source input file "stm32f10x_conf.h": No such file or directory
    #include "stm32f10x_conf.h"
FWlib\src\stm32f10x_spi.c: 0 warnings, 1 error
compiling stm32f10x_tim.c...
.\CMSIS\stm32f10x.h(8297): error:  #5: cannot open source input file "stm32f10x_conf.h": No such file or directory
    #include "stm32f10x_conf.h"
FWlib\src\stm32f10x_tim.c: 0 warnings, 1 error
compiling stm32f10x_usart.c...
.\CMSIS\stm32f10x.h(8297): error:  #5: cannot open source input file "stm32f10x_conf.h": No such file or directory
    #include "stm32f10x_conf.h"
FWlib\src\stm32f10x_usart.c: 0 warnings, 1 error
compiling stm32f10x_wwdg.c...
.\CMSIS\stm32f10x.h(8297): error:  #5: cannot open source input file "stm32f10x_conf.h": No such file or directory
    #include "stm32f10x_conf.h"
FWlib\src\stm32f10x_wwdg.c: 0 warnings, 1 error
compiling core_cm3.c...
compiling system_stm32f10x.c...
CMSIS\stm32f10x.h(8297): error:  #5: cannot open source input file "stm32f10x_conf.h": No such file or directory
    #include "stm32f10x_conf.h"
CMSIS\system_stm32f10x.c: 0 warnings, 1 error
".\Output\STM32.axf" - 26 Error(s), 0 Warning(s).
Target not created
