<html>
<body>
<pre>
<h1>礦ision Build Log</h1>
<h2>Tool Versions:</h2>
IDE-Version: μVision V5.21.1.0
Copyright (C) 2016 ARM Ltd and ARM Germany GmbH. All rights reserved.
License Information: Zhuang 404, 404niub, LIC=ATTQ1-C4BJS-SBLEJ-U5HKD-49UMC-FEGJH
 
Tool Versions:
Toolchain:       MDK-ARM Plus  Version: 5.21a
Toolchain Path:  C:\Keil_v5\ARM\ARMCC\Bin
C Compiler:      Armcc.exe V5.06 update 3 (build 300)
Assembler:       Armasm.exe V5.06 update 3 (build 300)
Linker/Locator:  ArmLink.exe V5.06 update 3 (build 300)
Library Manager: ArmAr.exe V5.06 update 3 (build 300)
Hex Converter:   FromElf.exe V5.06 update 3 (build 300)
CPU DLL:         SARMCM3.DLL V5.21a
Dialog DLL:      DCM.DLL V1.13.8.0
Target DLL:      STLink\ST-LINKIII-KEIL_SWO.dll V2.0.18.0
Dialog DLL:      TCM.DLL V1.14.14.0
 
<h2>Project:</h2>
C:\Users\404\Desktop\关于入门到入土\stm32\CX\stm32c8指纹锁\8ec3bd1cCHUAHOJI\移植好的指纹程序\STM32.uvprojx
Project File Date:  08/31/2020

<h2>Output:</h2>
*** Using Compiler 'V5.06 update 3 (build 300)', folder: 'C:\Keil_v5\ARM\ARMCC\Bin'
Build target 'Target 1'
compiling AS608_use.c...
.\USER\OLED\oled.h(55): warning:  #1-D: last line of file ends without a newline
  #endif
.\USER\OLED\bmp.h(140): warning:  #1-D: last line of file ends without a newline
  #endif
USER\AS608\AS608_use.c: 2 warnings, 0 errors
linking...
Program Size: Code=20104 RO-data=6348 RW-data=6364 ZI-data=2988  
FromELF: creating hex file...
".\Output\STM32.axf" - 0 Error(s), 2 Warning(s).

<h2>Collection of Component include folders:</h2>
  C:\Users\404\Desktop\关于入门到入土\stm32\CX\stm32c8指纹锁\8ec3bd1cCHUAHOJI\移植好的指纹程序\RTE
  C:\Keil_v5\ARM\PACK\Keil\STM32F1xx_DFP\2.2.0\Device\Include

<h2>Collection of Component Files used:</h2>
Build Time Elapsed:  00:00:02
</pre>
</body>
</html>
